err 1
err 2
err 3
